<!DOCTYPE html>
<html>
    <head>
        <title>Foo!</title>
    </head>
    <body>
        This is a custom variable
    </body>
</html>
