<!DOCTYPE html>
<html lang="en">
<head>
</head>
<body>
    <p>Hello, this is a test!</p>
</body>
</html>
